<html>
<body>
<pre>
<h1>µVision Build Log</h1>
<h2>Tool Versions:</h2>
IDE-Version: µVision V5.28.0.0
Copyright (C) 2019 ARM Ltd and ARM Germany GmbH. All rights reserved.
License Information: Wilson Wang, Texas A&M University, LIC=TA3Z9-41301-PFFIX-HMB27-P91ML-XMGCF
 
Tool Versions:
Toolchain:       MDK-ARM Professional  Version: 5.28.0.0
Toolchain Path:  C:\Keil_v5\ARM\ARMCC\Bin
C Compiler:      Armcc.exe V5.06 update 6 (build 750)
Assembler:       Armasm.exe V5.06 update 6 (build 750)
Linker/Locator:  ArmLink.exe V5.06 update 6 (build 750)
Library Manager: ArmAr.exe V5.06 update 6 (build 750)
Hex Converter:   FromElf.exe V5.06 update 6 (build 750)
CPU DLL:         SARMCM3.DLL V5.28.0.0
Dialog DLL:      DCM.DLL V1.17.3.0
Target DLL:      Segger\JL2CM3.dll V2.99.36.0
Dialog DLL:      TCM.DLL V1.36.2.0
 
<h2>Project:</h2>
C:\Users\Wilson_Wang\Desktop\Robomaster20192020\Project\standard.uvprojx
Project File Date:  10/31/2019

<h2>Output:</h2>
*** Using Compiler 'V5.06 update 6 (build 750)', folder: 'C:\Keil_v5\ARM\ARMCC\Bin'
Rebuild target 'standard'
assembling startup_stm32f427xx.s...
compiling stm32f4xx_can.c...
compiling stm32f4xx_crc.c...
compiling misc.c...
compiling stm32f4xx_cec.c...
compiling stm32f4xx_adc.c...
compiling system_stm32f4xx.c...
compiling stm32f4xx_it.c...
compiling stm32f4xx_dac.c...
compiling stm32f4xx_dcmi.c...
compiling stm32f4xx_cryp_des.c...
compiling stm32f4xx_cryp.c...
compiling stm32f4xx_dbgmcu.c...
compiling stm32f4xx_cryp_tdes.c...
compiling stm32f4xx_cryp_aes.c...
compiling stm32f4xx_dfsdm.c...
compiling stm32f4xx_flash_ramfunc.c...
compiling stm32f4xx_dsi.c...
compiling stm32f4xx_dma.c...
compiling stm32f4xx_flash.c...
compiling stm32f4xx_exti.c...
compiling stm32f4xx_dma2d.c...
compiling stm32f4xx_hash.c...
compiling stm32f4xx_i2c.c...
compiling stm32f4xx_hash_md5.c...
compiling stm32f4xx_hash_sha1.c...
compiling stm32f4xx_fmpi2c.c...
compiling stm32f4xx_gpio.c...
compiling stm32f4xx_fmc.c...
compiling stm32f4xx_rng.c...
compiling stm32f4xx_qspi.c...
compiling stm32f4xx_lptim.c...
compiling stm32f4xx_iwdg.c...
compiling stm32f4xx_rcc.c...
compiling stm32f4xx_ltdc.c...
compiling stm32f4xx_pwr.c...
compiling stm32f4xx_sai.c...
compiling stm32f4xx_spdifrx.c...
compiling stm32f4xx_syscfg.c...
compiling stm32f4xx_spi.c...
compiling stm32f4xx_sdio.c...
compiling stm32f4xx_rtc.c...
compiling stm32f4xx_tim.c...
compiling croutine.c...
compiling list.c...
compiling event_groups.c...
compiling queue.c...
compiling timers.c...
compiling heap_4.c...
compiling tasks.c...
compiling ist8310driver.c...
compiling port.c...
compiling mpu6500driver.c...
compiling AHRS_middleware.c...
compiling user_lib.c...
compiling stm32f4xx_wwdg.c...
compiling stm32f4xx_usart.c...
compiling mpu6500driver_middleware.c...
compiling ist8310driver_middleware.c...
compiling adc.c...
compiling buzzer.c...
compiling main.c...
compiling can.c...
compiling delay.c...
compiling power_ctrl.c...
compiling exit_init.c...
compiling laser.c...
compiling rc.c...
compiling fric.c...
compiling led.c...
compiling flash.c...
compiling calibrate_task.c...
..\User\APP\Gimbal_Task\gimbal_task.h(271): warning:  #1-D: last line of file ends without a newline
  #endif
..\user\APP\calibrate_task\calibrate_task.c: 1 warning, 0 errors
compiling sys.c...
compiling detect_task.c...
compiling chassis_behaviour.c...
..\User\APP\Gimbal_Task\Gimbal_Task.h(271): warning:  #1-D: last line of file ends without a newline
  #endif
..\user\APP\chassis_task\chassis_task.h(233): warning:  #1-D: last line of file ends without a newline
  #endif
..\user\APP\chassis_task\chassis_behaviour.h(43): warning:  #1-D: last line of file ends without a newline
  #endif
..\user\APP\chassis_task\chassis_behaviour.c: 3 warnings, 0 errors
compiling chassis_task.c...
..\User\APP\Gimbal_Task\Gimbal_Task.h(271): warning:  #1-D: last line of file ends without a newline
  #endif
..\user\APP\chassis_task\chassis_task.h(233): warning:  #1-D: last line of file ends without a newline
  #endif
..\user\APP\chassis_task\chassis_behaviour.h(43): warning:  #1-D: last line of file ends without a newline
  #endif
..\user\APP\chassis_task\chassis_task.c(499): warning:  #1-D: last line of file ends without a newline
  }
..\user\APP\chassis_task\chassis_task.c: 4 warnings, 0 errors
compiling gimbal_behaviour.c...
..\user\APP\gimbal_task\Gimbal_Task.h(271): warning:  #1-D: last line of file ends without a newline
  #endif
..\user\APP\gimbal_task\gimbal_behaviour.c: 1 warning, 0 errors
compiling rng.c...
compiling gimbal_task.c...
..\user\APP\gimbal_task\Gimbal_Task.h(271): warning:  #1-D: last line of file ends without a newline
  #endif
..\User\APP\Shoot\shoot.h(157): warning:  #1-D: last line of file ends without a newline
  #endif
..\user\APP\gimbal_task\gimbal_task.c: 2 warnings, 0 errors
compiling spi.c...
compiling timer.c...
compiling pid.c...
compiling CAN_receive.c...
compiling user_task.c...
compiling start_task.c...
..\User\APP\Gimbal_Task\Gimbal_Task.h(271): warning:  #1-D: last line of file ends without a newline
  #endif
..\User\APP\Chassis_Task\Chassis_Task.h(233): warning:  #1-D: last line of file ends without a newline
  #endif
..\user\APP\start_task\start_task.c: 2 warnings, 0 errors
compiling FreeRTOS_middleware.c...
compiling remote_control.c...
compiling INS_task.c...
..\user\APP\INS_task\INS_task.c(500): warning:  #1-D: last line of file ends without a newline
  #endif
..\user\APP\INS_task\INS_task.c: 1 warning, 0 errors
compiling shoot.c...
..\User\APP\Gimbal_Task\Gimbal_Task.h(271): warning:  #1-D: last line of file ends without a newline
  #endif
..\user\APP\shoot\Shoot.h(157): warning:  #1-D: last line of file ends without a newline
  #endif
..\user\APP\shoot\shoot.c(612): warning:  #1-D: last line of file ends without a newline
  }
..\user\APP\shoot\shoot.c: 3 warnings, 0 errors
linking...
Program Size: Code=49472 RO-data=2772 RW-data=568 ZI-data=135264  
FromELF: creating hex file...
".\Objects\infantry.axf" - 0 Error(s), 17 Warning(s).

<h2>Software Packages used:</h2>

Package Vendor: Keil
                http://www.keil.com/pack/Keil.STM32F4xx_DFP.2.14.0.pack
                Keil.STM32F4xx_DFP.2.14.0
                STMicroelectronics STM32F4 Series Device Support, Drivers and Examples

<h2>Collection of Component include folders:</h2>
  .\RTE\_standard
  C:\Users\Wilson_Wang\AppData\Local\Arm\Packs\Keil\STM32F4xx_DFP\2.14.0\Drivers\CMSIS\Device\ST\STM32F4xx\Include

<h2>Collection of Component Files used:</h2>
Build Time Elapsed:  00:00:20
</pre>
</body>
</html>
